<?xml version="1.0"?><WaveUnitConfig xmlns:xsi="http://www.w3.org/2001/XMLSchema-instance" xmlns:xsd="http://www.w3.org/2001/XMLSchema"><Elements><WaveUnitConfigElement><Key>a</Key><Value>A</Value></WaveUnitConfigElement></Elements></WaveUnitConfig>